MPLINK 4.49, Linker
Linker Map File - Created Wed Oct 28 17:22:28 2020

                                 Section Info
                  Section       Type    Address   Location Size(Bytes)
                ---------  ---------  ---------  ---------  ---------
                   .org_0       code   0x000000    program   0x000000
                   .org_1       code   0x000000    program   0x000004
                   .org_2       code   0x000008    program   0x000002
                   .org_3       code   0x000018    program   0x00020a



                              Program Memory Usage 
                               Start         End      
                           ---------   ---------      
                            0x000000    0x000003      
                            0x000008    0x000009      
                            0x000018    0x000221      
            528 out of 33048 program addresses used, program memory utilization is 1%



                              Symbols - Sorted by Name
                     Name    Address   Location    Storage File                     
                ---------  ---------  ---------  --------- ---------                
                   again0   0x00001e    program     static C:\Users\fariz fadil\Documents\MICROASSIGNMENT\quiz6delay.asm
                   again1   0x000022    program     static C:\Users\fariz fadil\Documents\MICROASSIGNMENT\quiz6delay.asm
                   again2   0x000026    program     static C:\Users\fariz fadil\Documents\MICROASSIGNMENT\quiz6delay.asm
                delay50ms   0x00001a    program     static C:\Users\fariz fadil\Documents\MICROASSIGNMENT\quiz6delay.asm
                    start   0x00001a    program     static C:\Users\fariz fadil\Documents\MICROASSIGNMENT\quiz6delay.asm



                              Symbols - Sorted by Address
                     Name    Address   Location    Storage File                     
                ---------  ---------  ---------  --------- ---------                
                delay50ms   0x00001a    program     static C:\Users\fariz fadil\Documents\MICROASSIGNMENT\quiz6delay.asm
                    start   0x00001a    program     static C:\Users\fariz fadil\Documents\MICROASSIGNMENT\quiz6delay.asm
                   again0   0x00001e    program     static C:\Users\fariz fadil\Documents\MICROASSIGNMENT\quiz6delay.asm
                   again1   0x000022    program     static C:\Users\fariz fadil\Documents\MICROASSIGNMENT\quiz6delay.asm
                   again2   0x000026    program     static C:\Users\fariz fadil\Documents\MICROASSIGNMENT\quiz6delay.asm


